app/api/enhance-prompt/route.ts(80,7): error TS2353: Object literal may only specify known properties, and 'maxTokens' does not exist in type 'CallSettings & { system?: string | undefined; } & { prompt: string | ModelMessage[]; messages?: undefined; } & { model: LanguageModel; tools?: ToolSet | undefined; ... 13 more ...; _internal?: { ...; } | undefined; }'.
app/api/enhance-video-prompt/route.ts(99,46): error TS2554: Expected 1 arguments, but got 2.
app/api/enhance-video-prompt/route.ts(134,7): error TS2353: Object literal may only specify known properties, and 'maxTokens' does not exist in type 'CallSettings & { system?: string | undefined; } & { prompt: string | ModelMessage[]; messages?: undefined; } & { model: LanguageModel; tools?: ToolSet | undefined; ... 13 more ...; _internal?: { ...; } | undefined; }'.
app/api/generate-image/route.ts(26,3): error TS2300: Duplicate identifier 'resolution'.
app/api/generate-image/route.ts(27,3): error TS2300: Duplicate identifier 'resolution'.
app/api/generate-scene-description/route.ts(60,7): error TS2353: Object literal may only specify known properties, and 'maxTokens' does not exist in type 'CallSettings & { system?: string | undefined; } & { prompt: string | ModelMessage[]; messages?: undefined; } & { model: LanguageModel; tools?: ToolSet | undefined; ... 13 more ...; _internal?: { ...; } | undefined; }'.
app/api/generate-video/route.ts(143,48): error TS2339: Property 'id' does not exist on type '{ session: { id: string; createdAt: Date; updatedAt: Date; userId: string; expiresAt: Date; token: string; ipAddress?: string | null | undefined; userAgent?: string | null | undefined; }; user: { ...; }; }'.
app/api/generate-video/route.ts(341,30): error TS2339: Property 'id' does not exist on type '{ session: { id: string; createdAt: Date; updatedAt: Date; userId: string; expiresAt: Date; token: string; ipAddress?: string | null | undefined; userAgent?: string | null | undefined; }; user: { ...; }; }'.
app/api/generate-video/upscale/route.ts(44,52): error TS2339: Property 'id' does not exist on type '{ session: { id: string; createdAt: Date; updatedAt: Date; userId: string; expiresAt: Date; token: string; ipAddress?: string | null | undefined; userAgent?: string | null | undefined; }; user: { ...; }; }'.
app/api/generate-video/upscale/route.ts(60,34): error TS2339: Property 'id' does not exist on type '{ session: { id: string; createdAt: Date; updatedAt: Date; userId: string; expiresAt: Date; token: string; ipAddress?: string | null | undefined; userAgent?: string | null | undefined; }; user: { ...; }; }'.
app/api/scripts/[id]/generate-storyboard/route.ts(149,21): error TS2561: Object literal may only specify known properties, but 'pollInterval' does not exist in type '{ maxAttempts?: number | undefined; pollingInterval?: number | undefined; onProgress?: ((attempt: number, maxAttempts: number) => void) | undefined; }'. Did you mean to write 'pollingInterval'?
app/api/scripts/[id]/scenes/[sceneId]/generate-video/route.ts(214,9): error TS2353: Object literal may only specify known properties, and 'resolution' does not exist in type 'KieAIGenerateParams'.
app/api/user/transactions/route.ts(14,56): error TS2339: Property 'id' does not exist on type '{ session: { id: string; createdAt: Date; updatedAt: Date; userId: string; expiresAt: Date; token: string; ipAddress?: string | null | undefined; userAgent?: string | null | undefined; }; user: { ...; }; }'.
app/api/videos/route.ts(45,30): error TS2558: Expected 0 type arguments, but got 1.
app/ugc/script/page.tsx(96,21): error TS2339: Property 'history' does not exist on type '{ home: string; videoGenerator: string; imageCombiner: string; brands: string; products: string; images: string; videos: string; ugc: string; login: string; signup: string; logout: string; settings: string; ... 361 more ...; generateVideos: string; }'.
components/admin/usage-costs-editor.tsx(158,22): error TS2345: Argument of type '{ [x: string]: number | DetailedCostConfig | { [key: string]: number; }; }' is not assignable to parameter of type 'Record<string, number | DetailedCostConfig>'.
  'string' index signatures are incompatible.
    Type 'number | DetailedCostConfig | { [key: string]: number; }' is not assignable to type 'number | DetailedCostConfig'.
      Type '{ [key: string]: number; }' is not assignable to type 'number | DetailedCostConfig'.
        Property 'default' is missing in type '{ [key: string]: number; }' but required in type 'DetailedCostConfig'.
components/brand-list.tsx(110,24): error TS7053: Element implicitly has an 'any' type because expression of type '`tone${string}`' can't be used to index type '{ home: string; videoGenerator: string; imageCombiner: string; brands: string; products: string; images: string; videos: string; ugc: string; login: string; signup: string; logout: string; settings: string; ... 361 more ...; generateVideos: string; }'.
components/image-combiner/fullscreen-viewer.tsx(3,15): error TS2459: Module '"./hooks/use-image-generation"' declares 'Generation' locally, but it is not exported.
components/image-combiner/hooks/use-video-generation.ts(57,33): error TS2769: No overload matches this call.
  Overload 1 of 3, '(name: string, value: string | Blob): void', gave the following error.
    Argument of type 'import("C:/projetos/nano-banana-pro-playground/types/video").GenerationMode | undefined' is not assignable to parameter of type 'string | Blob'.
      Type 'undefined' is not assignable to type 'string | Blob'.
  Overload 2 of 3, '(name: string, value: string): void', gave the following error.
    Argument of type 'import("C:/projetos/nano-banana-pro-playground/types/video").GenerationMode | undefined' is not assignable to parameter of type 'string'.
      Type 'undefined' is not assignable to type 'string'.
  Overload 3 of 3, '(name: string, blobValue: Blob, filename?: string | undefined): void', gave the following error.
    Argument of type 'import("C:/projetos/nano-banana-pro-playground/types/video").GenerationMode | undefined' is not assignable to parameter of type 'Blob'.
      Type 'undefined' is not assignable to type 'Blob'.
components/image-combiner/hooks/use-video-generation.ts(59,40): error TS2769: No overload matches this call.
  Overload 1 of 3, '(name: string, value: string | Blob): void', gave the following error.
    Argument of type 'string | undefined' is not assignable to parameter of type 'string | Blob'.
      Type 'undefined' is not assignable to type 'string | Blob'.
  Overload 2 of 3, '(name: string, value: string): void', gave the following error.
    Argument of type 'string | undefined' is not assignable to parameter of type 'string'.
      Type 'undefined' is not assignable to type 'string'.
  Overload 3 of 3, '(name: string, blobValue: Blob, filename?: string | undefined): void', gave the following error.
    Argument of type 'string | undefined' is not assignable to parameter of type 'Blob'.
      Type 'undefined' is not assignable to type 'Blob'.
components/image-combiner/hooks/use-video-generation.ts(60,34): error TS2769: No overload matches this call.
  Overload 1 of 3, '(name: string, value: string | Blob): void', gave the following error.
    Argument of type 'import("C:/projetos/nano-banana-pro-playground/types/video").VeoModel | undefined' is not assignable to parameter of type 'string | Blob'.
      Type 'undefined' is not assignable to type 'string | Blob'.
  Overload 2 of 3, '(name: string, value: string): void', gave the following error.
    Argument of type 'import("C:/projetos/nano-banana-pro-playground/types/video").VeoModel | undefined' is not assignable to parameter of type 'string'.
      Type 'undefined' is not assignable to type 'string'.
  Overload 3 of 3, '(name: string, blobValue: Blob, filename?: string | undefined): void', gave the following error.
    Argument of type 'import("C:/projetos/nano-banana-pro-playground/types/video").VeoModel | undefined' is not assignable to parameter of type 'Blob'.
      Type 'undefined' is not assignable to type 'Blob'.
components/image-combiner/hooks/use-video-generation.ts(109,11): error TS2322: Type 'import("C:/projetos/nano-banana-pro-playground/types/video").GenerationMode | undefined' is not assignable to type 'string'.
  Type 'undefined' is not assignable to type 'string'.
components/image-combiner/index.tsx(127,5): error TS2322: Type '{ home: string; videoGenerator: string; imageCombiner: string; brands: string; products: string; images: string; videos: string; ugc: string; login: string; signup: string; logout: string; settings: string; ... 361 more ...; generateVideos: string; }' is not assignable to type 'Record<string, string>'.
  Property 'productPlaceholders' is incompatible with index signature.
    Type '{ name: string; description: string; target_audience: string; }' is not assignable to type 'string'.
components/image-combiner/index.tsx(726,23): error TS2322: Type 'string | boolean | File | null' is not assignable to type 'boolean'.
  Type 'null' is not assignable to type 'boolean'.
components/image-combiner/index.tsx(727,23): error TS2322: Type 'string | File | null' is not assignable to type 'boolean'.
  Type 'null' is not assignable to type 'boolean'.
components/image-combiner/index.tsx(745,23): error TS2322: Type '{ home: string; videoGenerator: string; imageCombiner: string; brands: string; products: string; images: string; videos: string; ugc: string; login: string; signup: string; logout: string; settings: string; ... 361 more ...; generateVideos: string; }' is not assignable to type 'Record<string, string>'.
  Property 'productPlaceholders' is incompatible with index signature.
    Type '{ name: string; description: string; target_audience: string; }' is not assignable to type 'string'.
components/image-combiner/index.tsx(766,23): error TS2322: Type '{ home: string; videoGenerator: string; imageCombiner: string; brands: string; products: string; images: string; videos: string; ugc: string; login: string; signup: string; logout: string; settings: string; ... 361 more ...; generateVideos: string; }' is not assignable to type 'Record<string, string>'.
  Property 'productPlaceholders' is incompatible with index signature.
    Type '{ name: string; description: string; target_audience: string; }' is not assignable to type 'string'.
components/image-combiner/index.tsx(774,21): error TS2322: Type 'string | null' is not assignable to type 'string | undefined'.
  Type 'null' is not assignable to type 'string | undefined'.
components/image-combiner/index.tsx(782,21): error TS2322: Type '{ home: string; videoGenerator: string; imageCombiner: string; brands: string; products: string; images: string; videos: string; ugc: string; login: string; signup: string; logout: string; settings: string; ... 361 more ...; generateVideos: string; }' is not assignable to type 'Record<string, string>'.
  Property 'productPlaceholders' is incompatible with index signature.
    Type '{ name: string; description: string; target_audience: string; }' is not assignable to type 'string'.
components/image-combiner/input-section.tsx(337,19): error TS2322: Type 'string | null' is not assignable to type 'string'.
  Type 'null' is not assignable to type 'string'.
components/image-combiner/input-section.tsx(371,19): error TS2322: Type 'string | null' is not assignable to type 'string'.
  Type 'null' is not assignable to type 'string'.
components/image-combiner/output-section.tsx(7,15): error TS2459: Module '"./hooks/use-image-generation"' declares 'Generation' locally, but it is not exported.
components/image-combiner/translations.ts(152,9): error TS1117: An object literal cannot have multiple properties with the same name.
components/image-combiner/translations.ts(231,9): error TS1117: An object literal cannot have multiple properties with the same name.
components/image-combiner/translations.ts(239,9): error TS1117: An object literal cannot have multiple properties with the same name.
components/image-combiner/translations.ts(294,9): error TS1117: An object literal cannot have multiple properties with the same name.
components/image-combiner/translations.ts(295,9): error TS1117: An object literal cannot have multiple properties with the same name.
components/image-combiner/translations.ts(315,9): error TS1117: An object literal cannot have multiple properties with the same name.
components/image-combiner/translations.ts(318,9): error TS1117: An object literal cannot have multiple properties with the same name.
components/image-combiner/translations.ts(320,9): error TS1117: An object literal cannot have multiple properties with the same name.
components/image-combiner/translations.ts(325,9): error TS1117: An object literal cannot have multiple properties with the same name.
components/image-combiner/translations.ts(326,9): error TS1117: An object literal cannot have multiple properties with the same name.
components/image-combiner/translations.ts(327,9): error TS1117: An object literal cannot have multiple properties with the same name.
components/image-combiner/translations.ts(328,9): error TS1117: An object literal cannot have multiple properties with the same name.
components/image-combiner/translations.ts(329,9): error TS1117: An object literal cannot have multiple properties with the same name.
components/image-combiner/translations.ts(330,9): error TS1117: An object literal cannot have multiple properties with the same name.
components/image-combiner/translations.ts(331,9): error TS1117: An object literal cannot have multiple properties with the same name.
components/image-combiner/translations.ts(332,9): error TS1117: An object literal cannot have multiple properties with the same name.
components/image-combiner/translations.ts(333,9): error TS1117: An object literal cannot have multiple properties with the same name.
components/image-combiner/translations.ts(334,9): error TS1117: An object literal cannot have multiple properties with the same name.
components/image-combiner/translations.ts(335,9): error TS1117: An object literal cannot have multiple properties with the same name.
components/image-combiner/translations.ts(336,9): error TS1117: An object literal cannot have multiple properties with the same name.
components/image-combiner/translations.ts(337,9): error TS1117: An object literal cannot have multiple properties with the same name.
components/image-combiner/translations.ts(338,9): error TS1117: An object literal cannot have multiple properties with the same name.
components/image-combiner/translations.ts(339,9): error TS1117: An object literal cannot have multiple properties with the same name.
components/image-combiner/translations.ts(340,9): error TS1117: An object literal cannot have multiple properties with the same name.
components/image-combiner/translations.ts(341,9): error TS1117: An object literal cannot have multiple properties with the same name.
components/image-combiner/translations.ts(342,9): error TS1117: An object literal cannot have multiple properties with the same name.
components/image-combiner/translations.ts(343,9): error TS1117: An object literal cannot have multiple properties with the same name.
components/image-combiner/translations.ts(344,9): error TS1117: An object literal cannot have multiple properties with the same name.
components/image-combiner/translations.ts(345,9): error TS1117: An object literal cannot have multiple properties with the same name.
components/image-combiner/translations.ts(346,9): error TS1117: An object literal cannot have multiple properties with the same name.
components/image-combiner/translations.ts(347,9): error TS1117: An object literal cannot have multiple properties with the same name.
components/image-combiner/translations.ts(348,9): error TS1117: An object literal cannot have multiple properties with the same name.
components/image-combiner/translations.ts(355,9): error TS1117: An object literal cannot have multiple properties with the same name.
components/image-combiner/translations.ts(356,9): error TS1117: An object literal cannot have multiple properties with the same name.
components/image-combiner/translations.ts(357,9): error TS1117: An object literal cannot have multiple properties with the same name.
components/image-combiner/translations.ts(358,9): error TS1117: An object literal cannot have multiple properties with the same name.
components/image-combiner/translations.ts(363,9): error TS1117: An object literal cannot have multiple properties with the same name.
components/image-combiner/translations.ts(364,9): error TS1117: An object literal cannot have multiple properties with the same name.
components/image-combiner/translations.ts(365,9): error TS1117: An object literal cannot have multiple properties with the same name.
components/image-combiner/translations.ts(366,9): error TS1117: An object literal cannot have multiple properties with the same name.
components/image-combiner/translations.ts(367,9): error TS1117: An object literal cannot have multiple properties with the same name.
components/image-combiner/translations.ts(378,9): error TS1117: An object literal cannot have multiple properties with the same name.
components/image-combiner/translations.ts(390,9): error TS1117: An object literal cannot have multiple properties with the same name.
components/image-combiner/translations.ts(445,9): error TS1117: An object literal cannot have multiple properties with the same name.
components/image-combiner/translations.ts(598,9): error TS1117: An object literal cannot have multiple properties with the same name.
components/image-combiner/translations.ts(677,9): error TS1117: An object literal cannot have multiple properties with the same name.
components/image-combiner/translations.ts(685,9): error TS1117: An object literal cannot have multiple properties with the same name.
components/image-combiner/translations.ts(740,9): error TS1117: An object literal cannot have multiple properties with the same name.
components/image-combiner/translations.ts(741,9): error TS1117: An object literal cannot have multiple properties with the same name.
components/image-combiner/translations.ts(761,9): error TS1117: An object literal cannot have multiple properties with the same name.
components/image-combiner/translations.ts(764,9): error TS1117: An object literal cannot have multiple properties with the same name.
components/image-combiner/translations.ts(766,9): error TS1117: An object literal cannot have multiple properties with the same name.
components/image-combiner/translations.ts(771,9): error TS1117: An object literal cannot have multiple properties with the same name.
components/image-combiner/translations.ts(772,9): error TS1117: An object literal cannot have multiple properties with the same name.
components/image-combiner/translations.ts(773,9): error TS1117: An object literal cannot have multiple properties with the same name.
components/image-combiner/translations.ts(774,9): error TS1117: An object literal cannot have multiple properties with the same name.
components/image-combiner/translations.ts(775,9): error TS1117: An object literal cannot have multiple properties with the same name.
components/image-combiner/translations.ts(776,9): error TS1117: An object literal cannot have multiple properties with the same name.
components/image-combiner/translations.ts(777,9): error TS1117: An object literal cannot have multiple properties with the same name.
components/image-combiner/translations.ts(778,9): error TS1117: An object literal cannot have multiple properties with the same name.
components/image-combiner/translations.ts(779,9): error TS1117: An object literal cannot have multiple properties with the same name.
components/image-combiner/translations.ts(780,9): error TS1117: An object literal cannot have multiple properties with the same name.
components/image-combiner/translations.ts(781,9): error TS1117: An object literal cannot have multiple properties with the same name.
components/image-combiner/translations.ts(782,9): error TS1117: An object literal cannot have multiple properties with the same name.
components/image-combiner/translations.ts(783,9): error TS1117: An object literal cannot have multiple properties with the same name.
components/image-combiner/translations.ts(784,9): error TS1117: An object literal cannot have multiple properties with the same name.
components/image-combiner/translations.ts(785,9): error TS1117: An object literal cannot have multiple properties with the same name.
components/image-combiner/translations.ts(786,9): error TS1117: An object literal cannot have multiple properties with the same name.
components/image-combiner/translations.ts(787,9): error TS1117: An object literal cannot have multiple properties with the same name.
components/image-combiner/translations.ts(788,9): error TS1117: An object literal cannot have multiple properties with the same name.
components/image-combiner/translations.ts(789,9): error TS1117: An object literal cannot have multiple properties with the same name.
components/image-combiner/translations.ts(790,9): error TS1117: An object literal cannot have multiple properties with the same name.
components/image-combiner/translations.ts(791,9): error TS1117: An object literal cannot have multiple properties with the same name.
components/image-combiner/translations.ts(792,9): error TS1117: An object literal cannot have multiple properties with the same name.
components/image-combiner/translations.ts(793,9): error TS1117: An object literal cannot have multiple properties with the same name.
components/image-combiner/translations.ts(794,9): error TS1117: An object literal cannot have multiple properties with the same name.
components/image-combiner/translations.ts(801,9): error TS1117: An object literal cannot have multiple properties with the same name.
components/image-combiner/translations.ts(802,9): error TS1117: An object literal cannot have multiple properties with the same name.
components/image-combiner/translations.ts(803,9): error TS1117: An object literal cannot have multiple properties with the same name.
components/image-combiner/translations.ts(804,9): error TS1117: An object literal cannot have multiple properties with the same name.
components/image-combiner/translations.ts(809,9): error TS1117: An object literal cannot have multiple properties with the same name.
components/image-combiner/translations.ts(810,9): error TS1117: An object literal cannot have multiple properties with the same name.
components/image-combiner/translations.ts(811,9): error TS1117: An object literal cannot have multiple properties with the same name.
components/image-combiner/translations.ts(812,9): error TS1117: An object literal cannot have multiple properties with the same name.
components/image-combiner/translations.ts(813,9): error TS1117: An object literal cannot have multiple properties with the same name.
components/image-combiner/translations.ts(824,9): error TS1117: An object literal cannot have multiple properties with the same name.
components/image-combiner/translations.ts(836,9): error TS1117: An object literal cannot have multiple properties with the same name.
components/image-combiner/translations.ts(891,9): error TS1117: An object literal cannot have multiple properties with the same name.
components/navigation-bar.tsx(46,22): error TS2339: Property 'role' does not exist on type '{ id: string; createdAt: Date; updatedAt: Date; email: string; emailVerified: boolean; name: string; image?: string | null | undefined; }'.
components/shared/app-error-boundary.tsx(103,13): error TS2322: Type 'string | null | undefined' is not assignable to type 'string | undefined'.
  Type 'null' is not assignable to type 'string | undefined'.
components/ugc/script-history.tsx(47,21): error TS2339: Property 'errorLoadingHistory' does not exist on type '{ home: string; videoGenerator: string; imageCombiner: string; brands: string; products: string; images: string; videos: string; ugc: string; login: string; signup: string; logout: string; settings: string; ... 361 more ...; generateVideos: string; }'.
components/ugc/script-history.tsx(73,21): error TS2339: Property 'errorDeleting' does not exist on type '{ home: string; videoGenerator: string; imageCombiner: string; brands: string; products: string; images: string; videos: string; ugc: string; login: string; signup: string; logout: string; settings: string; ... 361 more ...; generateVideos: string; }'.
components/ugc/script-history.tsx(133,43): error TS2339: Property 'loadingHistory' does not exist on type '{ home: string; videoGenerator: string; imageCombiner: string; brands: string; products: string; images: string; videos: string; ugc: string; login: string; signup: string; logout: string; settings: string; ... 361 more ...; generateVideos: string; }'.
components/ui/accordion.tsx(4,37): error TS2307: Cannot find module '@radix-ui/react-accordion' or its corresponding type declarations.
components/ui/calendar.tsx(9,60): error TS2307: Cannot find module 'react-day-picker' or its corresponding type declarations.
components/ui/calendar.tsx(39,31): error TS7006: Parameter 'date' implicitly has an 'any' type.
components/ui/calendar.tsx(128,18): error TS7031: Binding element 'className' implicitly has an 'any' type.
components/ui/calendar.tsx(128,29): error TS7031: Binding element 'rootRef' implicitly has an 'any' type.
components/ui/calendar.tsx(138,21): error TS7031: Binding element 'className' implicitly has an 'any' type.
components/ui/calendar.tsx(138,32): error TS7031: Binding element 'orientation' implicitly has an 'any' type.
components/ui/calendar.tsx(159,24): error TS7031: Binding element 'children' implicitly has an 'any' type.
components/ui/carousel.tsx(6,8): error TS2307: Cannot find module 'embla-carousel-react' or its corresponding type declarations.
components/ui/chart.tsx(4,36): error TS2307: Cannot find module 'recharts' or its corresponding type declarations.
components/ui/chart.tsx(182,23): error TS7006: Parameter 'item' implicitly has an 'any' type.
components/ui/chart.tsx(182,29): error TS7006: Parameter 'index' implicitly has an 'any' type.
components/ui/chart.tsx(278,21): error TS7006: Parameter 'item' implicitly has an 'any' type.
components/ui/checkbox.tsx(4,36): error TS2307: Cannot find module '@radix-ui/react-checkbox' or its corresponding type declarations.
components/ui/collapsible.tsx(3,39): error TS2307: Cannot find module '@radix-ui/react-collapsible' or its corresponding type declarations.
components/ui/command.tsx(4,45): error TS2307: Cannot find module 'cmdk' or its corresponding type declarations.
components/ui/context-menu.tsx(4,39): error TS2307: Cannot find module '@radix-ui/react-context-menu' or its corresponding type declarations.
components/ui/drawer.tsx(4,43): error TS2307: Cannot find module 'vaul' or its corresponding type declarations.
components/ui/form.tsx(14,8): error TS2307: Cannot find module 'react-hook-form' or its corresponding type declarations.
components/ui/hover-card.tsx(4,37): error TS2307: Cannot find module '@radix-ui/react-hover-card' or its corresponding type declarations.
components/ui/input-otp.tsx(4,43): error TS2307: Cannot find module 'input-otp' or its corresponding type declarations.
components/ui/input-otp.tsx(47,61): error TS2339: Property 'slots' does not exist on type 'string | number | boolean | ServerContextJSONArray | { [key: string]: ServerContextJSONValue; }'.
  Property 'slots' does not exist on type 'string'.
components/ui/menubar.tsx(4,35): error TS2307: Cannot find module '@radix-ui/react-menubar' or its corresponding type declarations.
components/ui/navigation-menu.tsx(2,42): error TS2307: Cannot find module '@radix-ui/react-navigation-menu' or its corresponding type declarations.
components/ui/radio-group.tsx(4,38): error TS2307: Cannot find module '@radix-ui/react-radio-group' or its corresponding type declarations.
components/ui/resizable.tsx(5,37): error TS2307: Cannot find module 'react-resizable-panels' or its corresponding type declarations.
components/ui/scroll-area.tsx(4,38): error TS2307: Cannot find module '@radix-ui/react-scroll-area' or its corresponding type declarations.
components/ui/sidebar.tsx(8,10): error TS2724: '"@/hooks/use-mobile"' has no exported member named 'useIsMobile'. Did you mean 'useMobile'?
components/ui/slider.tsx(4,34): error TS2307: Cannot find module '@radix-ui/react-slider' or its corresponding type declarations.
components/ui/switch.tsx(4,34): error TS2307: Cannot find module '@radix-ui/react-switch' or its corresponding type declarations.
components/ui/toggle-group.tsx(4,39): error TS2307: Cannot find module '@radix-ui/react-toggle-group' or its corresponding type declarations.
components/ui/toggle.tsx(4,34): error TS2307: Cannot find module '@radix-ui/react-toggle' or its corresponding type declarations.
components/video-generator/video-generation-form.tsx(121,37): error TS2345: Argument of type 'string' is not assignable to parameter of type 'SetStateAction<GenerationTypeId>'.
components/video-generator/video-result.tsx(68,107): error TS2345: Argument of type 'string | undefined' is not assignable to parameter of type 'string'.
  Type 'undefined' is not assignable to type 'string'.
lib/kieai-service.ts(283,9): error TS2393: Duplicate function implementation.
lib/kieai-service.ts(605,9): error TS2393: Duplicate function implementation.
